// Jest Snapshot v1, https://goo.gl/fbAQLP

exports[`login displays 1`] = `
"<div data-reactroot=\\"\\">
  <div>
    <div style=\\"padding-top:50px;padding-bottom:20px\\">
      <nav class=\\"navbar navbar-inverse navbar-fixed-top\\">
        <div class=\\"container\\">
          <div class=\\"navbar-header\\">
            <button type=\\"button\\" class=\\"navbar-toggle collapsed\\" data-toggle=\\"collapse\\" data-target=\\"#navbar\\" aria-expanded=\\"false\\" aria-controls=\\"navbar\\"><span class=\\"sr-only\\">Toggle navigation</span><span class=\\"icon-bar\\"></span><span class=\\"icon-bar\\"></span><span class=\\"icon-bar\\"></span></button>
            <a class=\\"navbar-brand\\" href=\\"/\\">Sorters Club</a>
          </div>
          <div id=\\"navbar\\" class=\\"collapse navbar-collapse\\">
            <ul class=\\"nav navbar-nav navbar-right\\">
              <li>
                <a href=\\"/\\">Home</a>
              </li>
              <li>
                <a href=\\"/about\\">About</a>
              </li>
              <li>
                <a href=\\"/news\\">News</a>
              </li>
              <li>
                <a href=\\"/users\\">Sorters</a>
              </li>
              <li class=\\"active\\">
                <a href=\\"/login\\">Log in</a>
              </li>
              <li>
                <a href=\\"/register\\">Register</a>
              </li>
            </ul>
          </div>
        </div>
      </nav>
    </div>
    <div style=\\"max-width:300px;margin:auto\\">
      <h1>Log in</h1>
      <form>
        <div class=\\"form-group\\">
          <label for=\\"username\\">Username or Email</label>
          <input type=\\"string\\" class=\\"form-control\\" id=\\"username\\" placeholder=\\"Username\\">
        </div>
        <div class=\\"form-group\\">
          <label for=\\"password\\">Password</label>
          <input type=\\"password\\" class=\\"form-control\\" id=\\"password\\" placeholder=\\"******\\">
          <a href=\\"/forgot-password\\">Forgot your password?</a>
        </div>
        <div class=\\"form-group\\">
          <button type=\\"submit\\" class=\\"btn btn-primary btn-block\\">Log in</button>
        </div>
      </form>
      <p style=\\"text-align:center\\">or</p>
      <p>New user?
        <a href=\\"/register\\">register</a>.</p>
    </div>
    <footer>
      <div class=\\"container\\">
        <hr>
        <p>Brought to you with &#x2764; by
          <a href=\\"/about\\">Nick Redmark</a>. Support this platform on
          <a href=\\"https://www.patreon.com/nickredmark\\" target=\\"_blank\\">Patreon</a>.</p>
      </div>
    </footer>
  </div>
</div>"
`;
