// Jest Snapshot v1, https://goo.gl/fbAQLP

exports[`reads displays 1`] = `
"<div data-reactroot=\\"\\">
  <div>
    <!-- react-empty: 3 -->
    <div style=\\"padding-top:50px;padding-bottom:20px;\\">
      <nav class=\\"navbar navbar-inverse navbar-fixed-top\\">
        <div class=\\"container\\">
          <div class=\\"navbar-header\\">
            <button type=\\"button\\" class=\\"navbar-toggle collapsed\\" data-toggle=\\"collapse\\" data-target=\\"#navbar\\" aria-expanded=\\"false\\" aria-controls=\\"navbar\\"><span class=\\"sr-only\\">Toggle navigation</span><span class=\\"icon-bar\\"></span><span class=\\"icon-bar\\"></span><span class=\\"icon-bar\\"></span></button>
            <a class=\\"navbar-brand\\"
              href=\\"/\\">Sorters Club</a>
          </div>
          <div id=\\"navbar\\" class=\\"collapse navbar-collapse\\">
            <ul class=\\"nav navbar-nav navbar-right\\">
              <li class=\\"false\\">
                <a href=\\"/\\">Home</a>
              </li>
              <li class=\\"false\\">
                <a href=\\"/about\\">About</a>
              </li>
              <li class=\\"false\\">
                <a href=\\"/news\\">News</a>
              </li>
              <li class=\\"false\\">
                <a href=\\"/users\\">Sorters</a>
              </li>
              <li class=\\"false\\">
                <a href=\\"/account\\">Dashboard</a>
              </li>
              <li class=\\"dropdownfalse\\">
                <a href=\\"#\\" class=\\"dropdown-toggle\\" data-toggle=\\"dropdown\\" role=\\"button\\" aria-haspopup=\\"true\\" aria-expanded=\\"true\\">
                  Hello,
                  test
                  
                  <!-- /react-text --><span class=\\"caret\\"></span></a>
              </li>
            </ul>
          </div>
        </div>
      </nav>
    </div>
    <div style=\\"max-width:400px;margin:auto;\\">
      <h1>Reading List</h1>
      <div>
        <p>
          Your public reading list can be found at
          <a href=\\"/u/test/reads\\">
            /u/
            test
            /reads
          </a>
          .
        </p>
        <h2>Description</h2>
        <p>Here you can describe how you put together your reading list.</p>
        <form>
          <div class=\\"form-group\\">
            <label for=\\"reading\\">Description</label>
            <textarea class=\\"form-control\\" rows=\\"4\\">Test user reading</textarea>
          </div>
          <div class=\\"form-group\\">
            <button type=\\"submit\\" class=\\"btn btn-primary btn-block\\">Save</button>
          </div>
        </form>
        <div>
          <h2>Your Reads</h2>
          <ul>
            <li style=\\"cursor:pointer;clear:both;\\"><span><span style=\\"display:block;float:right;\\"><span><a style=\\"cursor:pointer;font-size:140%;\\">&#x1F5D1;</a><!-- react-empty: 58 --></span>
              
              <a style=\\"cursor:pointer;font-size:140%;\\">&#x270E;</a>
              </span><span>Read</span></span>
            </li>
            <li style=\\"cursor:pointer;clear:both;\\"><span><span style=\\"display:block;float:right;\\"><span><a style=\\"cursor:pointer;font-size:140%;\\">&#x1F5D1;</a><!-- react-empty: 67 --></span>
              
              <a style=\\"cursor:pointer;font-size:140%;\\">&#x270E;</a>
              </span><span>Read - reading</span><span> &#x1F441;</span></span>
            </li>
            <li style=\\"cursor:pointer;clear:both;\\"><span><span style=\\"display:block;float:right;\\"><span><a style=\\"cursor:pointer;font-size:140%;\\">&#x1F5D1;</a><!-- react-empty: 77 --></span>
              
              <a style=\\"cursor:pointer;font-size:140%;\\">&#x270E;</a>
              </span><span>Read - read</span><span> &#x2714;</span></span>
            </li>
          </ul>
        </div>
        <h3>New Book</h3>
        <form>
          <div class=\\"form-group\\">
            <label for=\\"title\\">Title</label>
            <input type=\\"text\\" class=\\"form-control\\" placeholder=\\"\\" required>
          </div>
          <div class=\\"form-group\\">
            <button type=\\"submit\\" class=\\"btn btn-primary btn-block\\">New Book</button>
          </div>
        </form>
      </div>
    </div>
    <footer>
      <div class=\\"container\\">
        <hr>
        <p>
          Brought to you with &#x2764; by
          <a href=\\"/about\\">Nick Redmark</a>
          . Support this platform on
          <a href=\\"https://www.patreon.com/nickredmark\\" target=\\"_blank\\">Patreon</a>
          .
        </p>
      </div>
    </footer>
  </div>
</div>"
`;
